1......